Flow report for SIFO_Lab_2
Fri Sep 30 13:19:52 2022
Quartus Prime Version 21.1.0 Build 842 10/21/2021 SJ Lite Edition


---------------------
; Table of Contents ;
---------------------
  1. Legal Notice
  2. Flow Summary
  3. Flow Settings
  4. Flow Non-Default Global Settings
  5. Flow Elapsed Time
  6. Flow OS Summary
  7. Flow Log
  8. Flow Messages
  9. Flow Suppressed Messages



----------------
; Legal Notice ;
----------------
Copyright (C) 2021  Intel Corporation. All rights reserved.
Your use of Intel Corporation's design tools, logic functions 
and other software and tools, and any partner logic 
functions, and any output files from any of the foregoing 
(including device programming or simulation files), and any 
associated documentation or information are expressly subject 
to the terms and conditions of the Intel Program License 
Subscription Agreement, the Intel Quartus Prime License Agreement,
the Intel FPGA IP License Agreement, or other applicable license
agreement, including, without limitation, that your use is for
the sole purpose of programming logic devices manufactured by
Intel and sold by Intel or its authorized distributors.  Please
refer to the applicable agreement for further details, at
https://fpgasoftware.intel.com/eula.



+------------------------------------------------------------------------------+
; Flow Summary                                                                 ;
+-----------------------+------------------------------------------------------+
; Flow Status           ; EDA Netlist Writer Failed - Fri Sep 30 13:19:52 2022 ;
; Quartus Prime Version ; 21.1.0 Build 842 10/21/2021 SJ Lite Edition          ;
; Revision Name         ; SIFO_Lab_2                                           ;
; Top-level Entity Name ; Block_2_D                                            ;
; Family                ; MAX II                                               ;
; Device                ; EPM2210F324I5                                        ;
; Timing Models         ; Final                                                ;
; Total logic elements  ; 15                                                   ;
; Total pins            ; 10                                                   ;
; Total virtual pins    ; 0                                                    ;
; UFM blocks            ; 0 / 1 ( 0 % )                                        ;
+-----------------------+------------------------------------------------------+


+-----------------------------------------+
; Flow Settings                           ;
+-------------------+---------------------+
; Option            ; Setting             ;
+-------------------+---------------------+
; Start date & time ; 09/24/2022 16:40:46 ;
; Main task         ; Compilation         ;
; Revision Name     ; SIFO_Lab_2          ;
+-------------------+---------------------+


+-----------------------------------------------------------------------------------------------------------------------+
; Flow Non-Default Global Settings                                                                                      ;
+---------------------------------------+--------------------------------+---------------+-------------+----------------+
; Assignment Name                       ; Value                          ; Default Value ; Entity Name ; Section Id     ;
+---------------------------------------+--------------------------------+---------------+-------------+----------------+
; COMPILER_SIGNATURE_ID                 ; 10995770589194.166402684637120 ; --            ; --          ; --             ;
; EDA_OUTPUT_DATA_FORMAT                ; Verilog Hdl                    ; --            ; --          ; eda_simulation ;
; EDA_SIMULATION_TOOL                   ; Questa Intel FPGA (Verilog)    ; <None>        ; --          ; --             ;
; EDA_TIME_SCALE                        ; 1 ps                           ; --            ; --          ; eda_simulation ;
; MAX_CORE_JUNCTION_TEMP                ; 100                            ; --            ; --          ; --             ;
; MIN_CORE_JUNCTION_TEMP                ; -40                            ; --            ; --          ; --             ;
; MISC_FILE                             ; LPM_COUNTER1_bb.v              ; --            ; --          ; --             ;
; MISC_FILE                             ; LPM_COMPARE1.bsf               ; --            ; --          ; --             ;
; MISC_FILE                             ; LPM_COMPARE1_bb.v              ; --            ; --          ; --             ;
; MISC_FILE                             ; LPM_COMPARE4.bsf               ; --            ; --          ; --             ;
; MISC_FILE                             ; LPM_COMPARE4_bb.v              ; --            ; --          ; --             ;
; MISC_FILE                             ; LPM_DECODER_4in16.bsf          ; --            ; --          ; --             ;
; MISC_FILE                             ; LPM_DECODER_4in16_bb.v         ; --            ; --          ; --             ;
; MISC_FILE                             ; LPM_COUNTER8.bsf               ; --            ; --          ; --             ;
; MISC_FILE                             ; LPM_COUNTER8_bb.v              ; --            ; --          ; --             ;
; MISC_FILE                             ; LPM_COMPARE8.bsf               ; --            ; --          ; --             ;
; MISC_FILE                             ; LPM_COMPARE8_bb.v              ; --            ; --          ; --             ;
; POWER_EXT_SUPPLY_VOLTAGE_TO_REGULATOR ; 3.3V                           ; --            ; --          ; --             ;
; POWER_PRESET_COOLING_SOLUTION         ; No Heat Sink With Still Air    ; --            ; --          ; --             ;
; PROJECT_OUTPUT_DIRECTORY              ; output_files                   ; --            ; --          ; --             ;
; TOP_LEVEL_ENTITY                      ; Block_2_D                      ; SIFO_Lab_2    ; --          ; --             ;
+---------------------------------------+--------------------------------+---------------+-------------+----------------+


+--------------------------------------------------------------------------------------------------------------------------+
; Flow Elapsed Time                                                                                                        ;
+----------------------+--------------+-------------------------+---------------------+------------------------------------+
; Module Name          ; Elapsed Time ; Average Processors Used ; Peak Virtual Memory ; Total CPU Time (on all processors) ;
+----------------------+--------------+-------------------------+---------------------+------------------------------------+
; Analysis & Synthesis ; 00:00:07     ; 1.0                     ; 4748 MB             ; 00:00:17                           ;
; EDA Netlist Writer   ; 00:00:01     ; 1.0                     ; 4634 MB             ; 00:00:00                           ;
; EDA Netlist Writer   ; 00:00:00     ; 1.0                     ; 4634 MB             ; 00:00:00                           ;
; EDA Netlist Writer   ; 00:00:01     ; 1.0                     ; 582 MB              ; 00:00:00                           ;
; Total                ; 00:00:09     ; --                      ; --                  ; 00:00:17                           ;
+----------------------+--------------+-------------------------+---------------------+------------------------------------+


+------------------------------------------------------------------------------------------+
; Flow OS Summary                                                                          ;
+----------------------+------------------+---------------+---------------+----------------+
; Module Name          ; Machine Hostname ; OS Name       ; OS Version    ; Processor type ;
+----------------------+------------------+---------------+---------------+----------------+
; Analysis & Synthesis ; MACHINE-A61Q0VC  ; Windows 10    ; 10.0          ; x86_64         ;
; EDA Netlist Writer   ; MACHINE-A61Q0VC  ; Windows 10    ; 10.0          ; x86_64         ;
; EDA Netlist Writer   ; MACHINE-A61Q0VC  ; Windows 10    ; 10.0          ; x86_64         ;
; EDA Netlist Writer   ; zcxasusus        ; Manjaro Linux ; Manjaro Linux ; x86_64         ;
+----------------------+------------------+---------------+---------------+----------------+


------------
; Flow Log ;
------------
quartus_map --read_settings_files=on --write_settings_files=off SIFO_Lab_2 -c SIFO_Lab_2
quartus_eda --gen_testbench --tool=modelsim_oem --format=verilog --write_settings_files=off SIFO_Lab_2 -c SIFO_Lab_2 --vector_source=D:/FPGA/Projects/SIFO_Lab_2.1/B2Waveform.vwf --testbench_file=D:/FPGA/Projects/SIFO_Lab_2.1/simulation/qsim/B2Waveform.vwf.vt
quartus_eda --write_settings_files=off --simulation=on --functional=on --flatten_buses=off --tool=modelsim_oem --format=verilog --output_directory=D:/FPGA/Projects/SIFO_Lab_2.1/simulation/qsim/ SIFO_Lab_2 -c SIFO_Lab_2
quartus_eda --gen_testbench --tool=modelsim_oem --format=verilog --write_settings_files=off SIFO_Lab_2 -c SIFO_Lab_2 --vector_source=/home/dimuki_ken/BSUIR/Semester_5/SIFO/SIFO_Lab_2/simulation/qsim/SIFO_Lab_2.vwf --testbench_file=/home/dimuki_ken/BSUIR/Semester_5/SIFO/SIFO_Lab_2/simulation/qsim/SIFO_Lab_2.vwf.vt



