Analysis & Synthesis report for SIFO_Lab_4
Tue Dec 20 18:20:47 2022
Quartus Prime Version 21.1.0 Build 842 10/21/2021 SJ Lite Edition


---------------------
; Table of Contents ;
---------------------
  1. Legal Notice
  2. Analysis & Synthesis Summary
  3. Analysis & Synthesis Settings
  4. Parallel Compilation
  5. Analysis & Synthesis Source Files Read
  6. Analysis & Synthesis Resource Usage Summary
  7. Analysis & Synthesis Resource Utilization by Entity
  8. State Machine - |processor|cur_state
  9. Registers Removed During Synthesis
 10. Removed Registers Triggering Further Register Optimizations
 11. General Register Statistics
 12. Registers Packed Into Inferred Megafunctions
 13. Source assignments for ROM:proc_rom|altsyncram:memory_rtl_0|altsyncram_jt61:auto_generated
 14. Parameter Settings for User Entity Instance: Top-level Entity: |processor
 15. Parameter Settings for User Entity Instance: ROM:proc_rom
 16. Parameter Settings for User Entity Instance: RAM:proc_ram
 17. Parameter Settings for User Entity Instance: RAM:registers_file
 18. Parameter Settings for User Entity Instance: wire_hz:hz_data_out_tempreg
 19. Parameter Settings for User Entity Instance: wire_hz:hz_data_out_ram
 20. Parameter Settings for User Entity Instance: wire_hz:hz_data_out_reg
 21. Parameter Settings for User Entity Instance: wire_hz:hz_data_out_ir
 22. Parameter Settings for User Entity Instance: wire_hz:hz_data_in_ram
 23. Parameter Settings for User Entity Instance: wire_hz:hz_data_in_reg
 24. Parameter Settings for User Entity Instance: wire_hz:hz_addr_out_ir_1310
 25. Parameter Settings for User Entity Instance: wire_hz:hz_addr_out_ram
 26. Parameter Settings for User Entity Instance: wire_hz:hz_addr_out_reg
 27. Parameter Settings for User Entity Instance: wire_hz:hz_addr_out_ir_90
 28. Parameter Settings for User Entity Instance: wire_hz:hz_addr_in_ram
 29. Parameter Settings for User Entity Instance: wire_hz:hz_addr_in_reg
 30. Parameter Settings for Inferred Entity Instance: ROM:proc_rom|altsyncram:memory_rtl_0
 31. altsyncram Parameter Settings by Entity Instance
 32. Port Connectivity Checks: "wire_hz:hz_addr_in_reg"
 33. Port Connectivity Checks: "wire_hz:hz_addr_in_ram"
 34. Port Connectivity Checks: "wire_hz:hz_addr_out_reg"
 35. Port Connectivity Checks: "wire_hz:hz_addr_out_ram"
 36. Port Connectivity Checks: "wire_hz:hz_addr_out_ir_1310"
 37. Port Connectivity Checks: "wire_hz:hz_data_out_ir"
 38. Port Connectivity Checks: "RAM:registers_file"
 39. Port Connectivity Checks: "RAM:proc_ram"
 40. Post-Synthesis Netlist Statistics for Top Partition
 41. Elapsed Time Per Partition
 42. Analysis & Synthesis Messages
 43. Analysis & Synthesis Suppressed Messages



----------------
; Legal Notice ;
----------------
Copyright (C) 2021  Intel Corporation. All rights reserved.
Your use of Intel Corporation's design tools, logic functions 
and other software and tools, and any partner logic 
functions, and any output files from any of the foregoing 
(including device programming or simulation files), and any 
associated documentation or information are expressly subject 
to the terms and conditions of the Intel Program License 
Subscription Agreement, the Intel Quartus Prime License Agreement,
the Intel FPGA IP License Agreement, or other applicable license
agreement, including, without limitation, that your use is for
the sole purpose of programming logic devices manufactured by
Intel and sold by Intel or its authorized distributors.  Please
refer to the applicable agreement for further details, at
https://fpgasoftware.intel.com/eula.



+----------------------------------------------------------------------------------+
; Analysis & Synthesis Summary                                                     ;
+------------------------------------+---------------------------------------------+
; Analysis & Synthesis Status        ; Successful - Tue Dec 20 18:20:46 2022       ;
; Quartus Prime Version              ; 21.1.0 Build 842 10/21/2021 SJ Lite Edition ;
; Revision Name                      ; SIFO_Lab_4                                  ;
; Top-level Entity Name              ; processor                                   ;
; Family                             ; MAX 10                                      ;
; Total logic elements               ; 0                                           ;
;     Total combinational functions  ; 0                                           ;
;     Dedicated logic registers      ; 0                                           ;
; Total registers                    ; 0                                           ;
; Total pins                         ; 1                                           ;
; Total virtual pins                 ; 0                                           ;
; Total memory bits                  ; 0                                           ;
; Embedded Multiplier 9-bit elements ; 0                                           ;
; Total PLLs                         ; 0                                           ;
; UFM blocks                         ; 0                                           ;
; ADC blocks                         ; 0                                           ;
+------------------------------------+---------------------------------------------+


+------------------------------------------------------------------------------------------------------------+
; Analysis & Synthesis Settings                                                                              ;
+------------------------------------------------------------------+--------------------+--------------------+
; Option                                                           ; Setting            ; Default Value      ;
+------------------------------------------------------------------+--------------------+--------------------+
; Device                                                           ; 10M02DCU324A6G     ;                    ;
; Top-level entity name                                            ; processor          ; SIFO_Lab_4         ;
; Family name                                                      ; MAX 10             ; Cyclone V          ;
; Maximum processors allowed for parallel compilation              ; All                ;                    ;
; Use smart compilation                                            ; Off                ; Off                ;
; Enable parallel Assembler and Timing Analyzer during compilation ; On                 ; On                 ;
; Enable compact report table                                      ; Off                ; Off                ;
; Restructure Multiplexers                                         ; Auto               ; Auto               ;
; Create Debugging Nodes for IP Cores                              ; Off                ; Off                ;
; Preserve fewer node names                                        ; On                 ; On                 ;
; Intel FPGA IP Evaluation Mode                                    ; Enable             ; Enable             ;
; Verilog Version                                                  ; Verilog_2001       ; Verilog_2001       ;
; VHDL Version                                                     ; VHDL_1993          ; VHDL_1993          ;
; State Machine Processing                                         ; Auto               ; Auto               ;
; Safe State Machine                                               ; Off                ; Off                ;
; Extract Verilog State Machines                                   ; On                 ; On                 ;
; Extract VHDL State Machines                                      ; On                 ; On                 ;
; Ignore Verilog initial constructs                                ; Off                ; Off                ;
; Iteration limit for constant Verilog loops                       ; 5000               ; 5000               ;
; Iteration limit for non-constant Verilog loops                   ; 250                ; 250                ;
; Add Pass-Through Logic to Inferred RAMs                          ; On                 ; On                 ;
; Infer RAMs from Raw Logic                                        ; On                 ; On                 ;
; Parallel Synthesis                                               ; On                 ; On                 ;
; DSP Block Balancing                                              ; Auto               ; Auto               ;
; NOT Gate Push-Back                                               ; On                 ; On                 ;
; Power-Up Don't Care                                              ; On                 ; On                 ;
; Remove Redundant Logic Cells                                     ; Off                ; Off                ;
; Remove Duplicate Registers                                       ; On                 ; On                 ;
; Ignore CARRY Buffers                                             ; Off                ; Off                ;
; Ignore CASCADE Buffers                                           ; Off                ; Off                ;
; Ignore GLOBAL Buffers                                            ; Off                ; Off                ;
; Ignore ROW GLOBAL Buffers                                        ; Off                ; Off                ;
; Ignore LCELL Buffers                                             ; Off                ; Off                ;
; Ignore SOFT Buffers                                              ; On                 ; On                 ;
; Limit AHDL Integers to 32 Bits                                   ; Off                ; Off                ;
; Optimization Technique                                           ; Balanced           ; Balanced           ;
; Carry Chain Length                                               ; 70                 ; 70                 ;
; Auto Carry Chains                                                ; On                 ; On                 ;
; Auto Open-Drain Pins                                             ; On                 ; On                 ;
; Perform WYSIWYG Primitive Resynthesis                            ; Off                ; Off                ;
; Auto ROM Replacement                                             ; On                 ; On                 ;
; Auto RAM Replacement                                             ; On                 ; On                 ;
; Auto DSP Block Replacement                                       ; On                 ; On                 ;
; Auto Shift Register Replacement                                  ; Auto               ; Auto               ;
; Allow Shift Register Merging across Hierarchies                  ; Auto               ; Auto               ;
; Auto Clock Enable Replacement                                    ; On                 ; On                 ;
; Strict RAM Replacement                                           ; Off                ; Off                ;
; Allow Synchronous Control Signals                                ; On                 ; On                 ;
; Force Use of Synchronous Clear Signals                           ; Off                ; Off                ;
; Auto RAM Block Balancing                                         ; On                 ; On                 ;
; Auto RAM to Logic Cell Conversion                                ; Off                ; Off                ;
; Auto Resource Sharing                                            ; Off                ; Off                ;
; Allow Any RAM Size For Recognition                               ; Off                ; Off                ;
; Allow Any ROM Size For Recognition                               ; Off                ; Off                ;
; Allow Any Shift Register Size For Recognition                    ; Off                ; Off                ;
; Use LogicLock Constraints during Resource Balancing              ; On                 ; On                 ;
; Ignore translate_off and synthesis_off directives                ; Off                ; Off                ;
; Timing-Driven Synthesis                                          ; On                 ; On                 ;
; Report Parameter Settings                                        ; On                 ; On                 ;
; Report Source Assignments                                        ; On                 ; On                 ;
; Report Connectivity Checks                                       ; On                 ; On                 ;
; Ignore Maximum Fan-Out Assignments                               ; Off                ; Off                ;
; Synchronization Register Chain Length                            ; 2                  ; 2                  ;
; Power Optimization During Synthesis                              ; Normal compilation ; Normal compilation ;
; HDL message level                                                ; Level2             ; Level2             ;
; Suppress Register Optimization Related Messages                  ; Off                ; Off                ;
; Number of Removed Registers Reported in Synthesis Report         ; 5000               ; 5000               ;
; Number of Swept Nodes Reported in Synthesis Report               ; 5000               ; 5000               ;
; Number of Inverted Registers Reported in Synthesis Report        ; 100                ; 100                ;
; Clock MUX Protection                                             ; On                 ; On                 ;
; Auto Gated Clock Conversion                                      ; Off                ; Off                ;
; Block Design Naming                                              ; Auto               ; Auto               ;
; SDC constraint protection                                        ; Off                ; Off                ;
; Synthesis Effort                                                 ; Auto               ; Auto               ;
; Shift Register Replacement - Allow Asynchronous Clear Signal     ; On                 ; On                 ;
; Pre-Mapping Resynthesis Optimization                             ; Off                ; Off                ;
; Analysis & Synthesis Message Level                               ; Medium             ; Medium             ;
; Disable Register Merging Across Hierarchies                      ; Auto               ; Auto               ;
; Resource Aware Inference For Block RAM                           ; On                 ; On                 ;
+------------------------------------------------------------------+--------------------+--------------------+


+------------------------------------------+
; Parallel Compilation                     ;
+----------------------------+-------------+
; Processors                 ; Number      ;
+----------------------------+-------------+
; Number detected on machine ; 16          ;
; Maximum allowed            ; 12          ;
;                            ;             ;
; Average used               ; 1.00        ;
; Maximum used               ; 1           ;
;                            ;             ;
; Usage by Processor         ; % Time Used ;
;     Processor 1            ; 100.0%      ;
+----------------------------+-------------+


+-----------------------------------------------------------------------------------------------------------------------------------------------------------------------------------------------------------------------------+
; Analysis & Synthesis Source Files Read                                                                                                                                                                                      ;
+-----------------------------------------+-----------------+-------------------------------------------------------+-----------------------------------------------------------------------------------------------+---------+
; File Name with User-Entered Path        ; Used in Netlist ; File Type                                             ; File Name with Absolute Path                                                                  ; Library ;
+-----------------------------------------+-----------------+-------------------------------------------------------+-----------------------------------------------------------------------------------------------+---------+
; src/processor.v                         ; yes             ; User Verilog HDL File                                 ; /home/dimuki_ken/Quartus/Projects/SIFO_Lab_4/src/processor.v                                  ;         ;
; src/RAM.v                               ; yes             ; User Verilog HDL File                                 ; /home/dimuki_ken/Quartus/Projects/SIFO_Lab_4/src/RAM.v                                        ;         ;
; src/ROM.v                               ; yes             ; User Verilog HDL File                                 ; /home/dimuki_ken/Quartus/Projects/SIFO_Lab_4/src/ROM.v                                        ;         ;
; src/wire_hz.v                           ; yes             ; User Verilog HDL File                                 ; /home/dimuki_ken/Quartus/Projects/SIFO_Lab_4/src/wire_hz.v                                    ;         ;
; altsyncram.tdf                          ; yes             ; Megafunction                                          ; /home/dimuki_ken/Quartus/Installed_21.1/quartus/libraries/megafunctions/altsyncram.tdf        ;         ;
; stratix_ram_block.inc                   ; yes             ; Megafunction                                          ; /home/dimuki_ken/Quartus/Installed_21.1/quartus/libraries/megafunctions/stratix_ram_block.inc ;         ;
; lpm_mux.inc                             ; yes             ; Megafunction                                          ; /home/dimuki_ken/Quartus/Installed_21.1/quartus/libraries/megafunctions/lpm_mux.inc           ;         ;
; lpm_decode.inc                          ; yes             ; Megafunction                                          ; /home/dimuki_ken/Quartus/Installed_21.1/quartus/libraries/megafunctions/lpm_decode.inc        ;         ;
; aglobal211.inc                          ; yes             ; Megafunction                                          ; /home/dimuki_ken/Quartus/Installed_21.1/quartus/libraries/megafunctions/aglobal211.inc        ;         ;
; a_rdenreg.inc                           ; yes             ; Megafunction                                          ; /home/dimuki_ken/Quartus/Installed_21.1/quartus/libraries/megafunctions/a_rdenreg.inc         ;         ;
; altrom.inc                              ; yes             ; Megafunction                                          ; /home/dimuki_ken/Quartus/Installed_21.1/quartus/libraries/megafunctions/altrom.inc            ;         ;
; altram.inc                              ; yes             ; Megafunction                                          ; /home/dimuki_ken/Quartus/Installed_21.1/quartus/libraries/megafunctions/altram.inc            ;         ;
; altdpram.inc                            ; yes             ; Megafunction                                          ; /home/dimuki_ken/Quartus/Installed_21.1/quartus/libraries/megafunctions/altdpram.inc          ;         ;
; db/altsyncram_jt61.tdf                  ; yes             ; Auto-Generated Megafunction                           ; /home/dimuki_ken/Quartus/Projects/SIFO_Lab_4/db/altsyncram_jt61.tdf                           ;         ;
; db/SIFO_Lab_4.ram0_ROM_33f014a3.hdl.mif ; yes             ; Auto-Generated Auto-Found Memory Initialization File  ; /home/dimuki_ken/Quartus/Projects/SIFO_Lab_4/db/SIFO_Lab_4.ram0_ROM_33f014a3.hdl.mif          ;         ;
+-----------------------------------------+-----------------+-------------------------------------------------------+-----------------------------------------------------------------------------------------------+---------+


+-----------------------------------------------------+
; Analysis & Synthesis Resource Usage Summary         ;
+---------------------------------------------+-------+
; Resource                                    ; Usage ;
+---------------------------------------------+-------+
;                                             ;       ;
; Total combinational functions               ; 0     ;
; Logic element usage by number of LUT inputs ;       ;
;     -- 4 input functions                    ; 0     ;
;     -- 3 input functions                    ; 0     ;
;     -- <=2 input functions                  ; 0     ;
;                                             ;       ;
; Logic elements by mode                      ;       ;
;     -- normal mode                          ; 0     ;
;     -- arithmetic mode                      ; 0     ;
;                                             ;       ;
; Total registers                             ; 0     ;
;     -- Dedicated logic registers            ; 0     ;
;     -- I/O registers                        ; 0     ;
;                                             ;       ;
; I/O pins                                    ; 1     ;
;                                             ;       ;
; Embedded Multiplier 9-bit elements          ; 0     ;
;                                             ;       ;
; Maximum fan-out node                        ; clk   ;
; Maximum fan-out                             ; 1     ;
; Total fan-out                               ; 1     ;
; Average fan-out                             ; 0.50  ;
+---------------------------------------------+-------+


+------------------------------------------------------------------------------------------------------------------------------------------------------------------------------------------------------------------------------------+
; Analysis & Synthesis Resource Utilization by Entity                                                                                                                                                                                ;
+----------------------------+---------------------+---------------------------+-------------+------------+--------------+---------+-----------+------+--------------+------------+---------------------+-------------+--------------+
; Compilation Hierarchy Node ; Combinational ALUTs ; Dedicated Logic Registers ; Memory Bits ; UFM Blocks ; DSP Elements ; DSP 9x9 ; DSP 18x18 ; Pins ; Virtual Pins ; ADC blocks ; Full Hierarchy Name ; Entity Name ; Library Name ;
+----------------------------+---------------------+---------------------------+-------------+------------+--------------+---------+-----------+------+--------------+------------+---------------------+-------------+--------------+
; |processor                 ; 0 (0)               ; 0 (0)                     ; 0           ; 0          ; 0            ; 0       ; 0         ; 1    ; 0            ; 0          ; |processor          ; processor   ; work         ;
+----------------------------+---------------------+---------------------------+-------------+------------+--------------+---------+-----------+------+--------------+------------+---------------------+-------------+--------------+
Note: For table entries with two numbers listed, the numbers in parentheses indicate the number of resources of the given type used by the specific entity alone. The numbers listed outside of parentheses indicate the total resources of the given type used by the specific entity and all of its sub-entities in the hierarchy.


Encoding Type:  One-Hot
+-------------------------------------------------------------------------------------------------------------+
; State Machine - |processor|cur_state                                                                        ;
+----------------------+---------------------+---------------------+----------------------+-------------------+
; Name                 ; cur_state.Write2_st ; cur_state.Write1_st ; cur_state.Command_st ; cur_state.Calm_st ;
+----------------------+---------------------+---------------------+----------------------+-------------------+
; cur_state.Calm_st    ; 0                   ; 0                   ; 0                    ; 0                 ;
; cur_state.Command_st ; 0                   ; 0                   ; 1                    ; 1                 ;
; cur_state.Write1_st  ; 0                   ; 1                   ; 0                    ; 1                 ;
; cur_state.Write2_st  ; 1                   ; 0                   ; 0                    ; 1                 ;
+----------------------+---------------------+---------------------+----------------------+-------------------+


+----------------------------------------------------------------+
; Registers Removed During Synthesis                             ;
+----------------------------------------+-----------------------+
; Register name                          ; Reason for Removal    ;
+----------------------------------------+-----------------------+
; cur_state.Write2_st                    ; Lost fanout           ;
; cur_state~2                            ; Lost fanout           ;
; cur_state~3                            ; Lost fanout           ;
; command_part                           ; Merged with ip_reg[0] ;
; cur_state.Write1_st                    ; Lost fanout           ;
; cur_state.Calm_st                      ; Lost fanout           ;
; cur_state.Command_st                   ; Lost fanout           ;
; ip_reg[0..9]                           ; Lost fanout           ;
; Total Number of Removed Registers = 17 ;                       ;
+----------------------------------------+-----------------------+


+--------------------------------------------------------------------------------------------------+
; Removed Registers Triggering Further Register Optimizations                                      ;
+---------------------+--------------------+-------------------------------------------------------+
; Register name       ; Reason for Removal ; Registers Removed due to This Register                ;
+---------------------+--------------------+-------------------------------------------------------+
; cur_state~3         ; Lost Fanouts       ; cur_state.Command_st, ip_reg[0], ip_reg[1], ip_reg[2] ;
; cur_state.Write1_st ; Lost Fanouts       ; ip_reg[3], ip_reg[4], ip_reg[5]                       ;
; cur_state~2         ; Lost Fanouts       ; cur_state.Calm_st                                     ;
+---------------------+--------------------+-------------------------------------------------------+


+------------------------------------------------------+
; General Register Statistics                          ;
+----------------------------------------------+-------+
; Statistic                                    ; Value ;
+----------------------------------------------+-------+
; Total registers                              ; 0     ;
; Number of registers using Synchronous Clear  ; 0     ;
; Number of registers using Synchronous Load   ; 0     ;
; Number of registers using Asynchronous Clear ; 0     ;
; Number of registers using Asynchronous Load  ; 0     ;
; Number of registers using Clock Enable       ; 0     ;
; Number of registers using Preset             ; 0     ;
+----------------------------------------------+-------+


+--------------------------------------------------+
; Registers Packed Into Inferred Megafunctions     ;
+---------------+---------------------------+------+
; Register Name ; Megafunction              ; Type ;
+---------------+---------------------------+------+
; ir_reg[14,15] ; ROM:proc_rom|memory_rtl_0 ; RAM  ;
+---------------+---------------------------+------+


+--------------------------------------------------------------------------------------------+
; Source assignments for ROM:proc_rom|altsyncram:memory_rtl_0|altsyncram_jt61:auto_generated ;
+---------------------------------+--------------------+------+------------------------------+
; Assignment                      ; Value              ; From ; To                           ;
+---------------------------------+--------------------+------+------------------------------+
; OPTIMIZE_POWER_DURING_SYNTHESIS ; NORMAL_COMPILATION ; -    ; -                            ;
+---------------------------------+--------------------+------+------------------------------+


+---------------------------------------------------------------------------+
; Parameter Settings for User Entity Instance: Top-level Entity: |processor ;
+-------------------+-------+-----------------------------------------------+
; Parameter Name    ; Value ; Type                                          ;
+-------------------+-------+-----------------------------------------------+
; ADDRESS_WIDTH     ; 10    ; Signed Integer                                ;
; ADDRESS_REGISTERS ; 4     ; Signed Integer                                ;
; DATA_WIDTH        ; 8     ; Signed Integer                                ;
+-------------------+-------+-----------------------------------------------+
Note: In order to hide this table in the UI and the text report file, please set the "Show Parameter Settings in Synthesis Report" option in "Analysis and Synthesis Settings -> More Settings" to "Off".


+-----------------------------------------------------------+
; Parameter Settings for User Entity Instance: ROM:proc_rom ;
+----------------+-------+----------------------------------+
; Parameter Name ; Value ; Type                             ;
+----------------+-------+----------------------------------+
; ADDRESS_WIDTH  ; 10    ; Signed Integer                   ;
; DATA_WIDTH     ; 8     ; Signed Integer                   ;
+----------------+-------+----------------------------------+
Note: In order to hide this table in the UI and the text report file, please set the "Show Parameter Settings in Synthesis Report" option in "Analysis and Synthesis Settings -> More Settings" to "Off".


+-----------------------------------------------------------+
; Parameter Settings for User Entity Instance: RAM:proc_ram ;
+----------------+-------+----------------------------------+
; Parameter Name ; Value ; Type                             ;
+----------------+-------+----------------------------------+
; ADDRESS_WIDTH  ; 10    ; Signed Integer                   ;
; DATA_WIDTH     ; 8     ; Signed Integer                   ;
+----------------+-------+----------------------------------+
Note: In order to hide this table in the UI and the text report file, please set the "Show Parameter Settings in Synthesis Report" option in "Analysis and Synthesis Settings -> More Settings" to "Off".


+-----------------------------------------------------------------+
; Parameter Settings for User Entity Instance: RAM:registers_file ;
+----------------+-------+----------------------------------------+
; Parameter Name ; Value ; Type                                   ;
+----------------+-------+----------------------------------------+
; ADDRESS_WIDTH  ; 4     ; Signed Integer                         ;
; DATA_WIDTH     ; 8     ; Signed Integer                         ;
+----------------+-------+----------------------------------------+
Note: In order to hide this table in the UI and the text report file, please set the "Show Parameter Settings in Synthesis Report" option in "Analysis and Synthesis Settings -> More Settings" to "Off".


+--------------------------------------------------------------------------+
; Parameter Settings for User Entity Instance: wire_hz:hz_data_out_tempreg ;
+----------------+-------+-------------------------------------------------+
; Parameter Name ; Value ; Type                                            ;
+----------------+-------+-------------------------------------------------+
; DATA_WIDTH     ; 8     ; Signed Integer                                  ;
+----------------+-------+-------------------------------------------------+
Note: In order to hide this table in the UI and the text report file, please set the "Show Parameter Settings in Synthesis Report" option in "Analysis and Synthesis Settings -> More Settings" to "Off".


+----------------------------------------------------------------------+
; Parameter Settings for User Entity Instance: wire_hz:hz_data_out_ram ;
+----------------+-------+---------------------------------------------+
; Parameter Name ; Value ; Type                                        ;
+----------------+-------+---------------------------------------------+
; DATA_WIDTH     ; 8     ; Signed Integer                              ;
+----------------+-------+---------------------------------------------+
Note: In order to hide this table in the UI and the text report file, please set the "Show Parameter Settings in Synthesis Report" option in "Analysis and Synthesis Settings -> More Settings" to "Off".


+----------------------------------------------------------------------+
; Parameter Settings for User Entity Instance: wire_hz:hz_data_out_reg ;
+----------------+-------+---------------------------------------------+
; Parameter Name ; Value ; Type                                        ;
+----------------+-------+---------------------------------------------+
; DATA_WIDTH     ; 8     ; Signed Integer                              ;
+----------------+-------+---------------------------------------------+
Note: In order to hide this table in the UI and the text report file, please set the "Show Parameter Settings in Synthesis Report" option in "Analysis and Synthesis Settings -> More Settings" to "Off".


+---------------------------------------------------------------------+
; Parameter Settings for User Entity Instance: wire_hz:hz_data_out_ir ;
+----------------+-------+--------------------------------------------+
; Parameter Name ; Value ; Type                                       ;
+----------------+-------+--------------------------------------------+
; DATA_WIDTH     ; 8     ; Signed Integer                             ;
+----------------+-------+--------------------------------------------+
Note: In order to hide this table in the UI and the text report file, please set the "Show Parameter Settings in Synthesis Report" option in "Analysis and Synthesis Settings -> More Settings" to "Off".


+---------------------------------------------------------------------+
; Parameter Settings for User Entity Instance: wire_hz:hz_data_in_ram ;
+----------------+-------+--------------------------------------------+
; Parameter Name ; Value ; Type                                       ;
+----------------+-------+--------------------------------------------+
; DATA_WIDTH     ; 8     ; Signed Integer                             ;
+----------------+-------+--------------------------------------------+
Note: In order to hide this table in the UI and the text report file, please set the "Show Parameter Settings in Synthesis Report" option in "Analysis and Synthesis Settings -> More Settings" to "Off".


+---------------------------------------------------------------------+
; Parameter Settings for User Entity Instance: wire_hz:hz_data_in_reg ;
+----------------+-------+--------------------------------------------+
; Parameter Name ; Value ; Type                                       ;
+----------------+-------+--------------------------------------------+
; DATA_WIDTH     ; 8     ; Signed Integer                             ;
+----------------+-------+--------------------------------------------+
Note: In order to hide this table in the UI and the text report file, please set the "Show Parameter Settings in Synthesis Report" option in "Analysis and Synthesis Settings -> More Settings" to "Off".


+--------------------------------------------------------------------------+
; Parameter Settings for User Entity Instance: wire_hz:hz_addr_out_ir_1310 ;
+----------------+-------+-------------------------------------------------+
; Parameter Name ; Value ; Type                                            ;
+----------------+-------+-------------------------------------------------+
; DATA_WIDTH     ; 10    ; Signed Integer                                  ;
+----------------+-------+-------------------------------------------------+
Note: In order to hide this table in the UI and the text report file, please set the "Show Parameter Settings in Synthesis Report" option in "Analysis and Synthesis Settings -> More Settings" to "Off".


+----------------------------------------------------------------------+
; Parameter Settings for User Entity Instance: wire_hz:hz_addr_out_ram ;
+----------------+-------+---------------------------------------------+
; Parameter Name ; Value ; Type                                        ;
+----------------+-------+---------------------------------------------+
; DATA_WIDTH     ; 8     ; Signed Integer                              ;
+----------------+-------+---------------------------------------------+
Note: In order to hide this table in the UI and the text report file, please set the "Show Parameter Settings in Synthesis Report" option in "Analysis and Synthesis Settings -> More Settings" to "Off".


+----------------------------------------------------------------------+
; Parameter Settings for User Entity Instance: wire_hz:hz_addr_out_reg ;
+----------------+-------+---------------------------------------------+
; Parameter Name ; Value ; Type                                        ;
+----------------+-------+---------------------------------------------+
; DATA_WIDTH     ; 8     ; Signed Integer                              ;
+----------------+-------+---------------------------------------------+
Note: In order to hide this table in the UI and the text report file, please set the "Show Parameter Settings in Synthesis Report" option in "Analysis and Synthesis Settings -> More Settings" to "Off".


+------------------------------------------------------------------------+
; Parameter Settings for User Entity Instance: wire_hz:hz_addr_out_ir_90 ;
+----------------+-------+-----------------------------------------------+
; Parameter Name ; Value ; Type                                          ;
+----------------+-------+-----------------------------------------------+
; DATA_WIDTH     ; 10    ; Signed Integer                                ;
+----------------+-------+-----------------------------------------------+
Note: In order to hide this table in the UI and the text report file, please set the "Show Parameter Settings in Synthesis Report" option in "Analysis and Synthesis Settings -> More Settings" to "Off".


+---------------------------------------------------------------------+
; Parameter Settings for User Entity Instance: wire_hz:hz_addr_in_ram ;
+----------------+-------+--------------------------------------------+
; Parameter Name ; Value ; Type                                       ;
+----------------+-------+--------------------------------------------+
; DATA_WIDTH     ; 8     ; Signed Integer                             ;
+----------------+-------+--------------------------------------------+
Note: In order to hide this table in the UI and the text report file, please set the "Show Parameter Settings in Synthesis Report" option in "Analysis and Synthesis Settings -> More Settings" to "Off".


+---------------------------------------------------------------------+
; Parameter Settings for User Entity Instance: wire_hz:hz_addr_in_reg ;
+----------------+-------+--------------------------------------------+
; Parameter Name ; Value ; Type                                       ;
+----------------+-------+--------------------------------------------+
; DATA_WIDTH     ; 8     ; Signed Integer                             ;
+----------------+-------+--------------------------------------------+
Note: In order to hide this table in the UI and the text report file, please set the "Show Parameter Settings in Synthesis Report" option in "Analysis and Synthesis Settings -> More Settings" to "Off".


+-----------------------------------------------------------------------------------------------+
; Parameter Settings for Inferred Entity Instance: ROM:proc_rom|altsyncram:memory_rtl_0         ;
+------------------------------------+-----------------------------------------+----------------+
; Parameter Name                     ; Value                                   ; Type           ;
+------------------------------------+-----------------------------------------+----------------+
; BYTE_SIZE_BLOCK                    ; 8                                       ; Untyped        ;
; AUTO_CARRY_CHAINS                  ; ON                                      ; AUTO_CARRY     ;
; IGNORE_CARRY_BUFFERS               ; OFF                                     ; IGNORE_CARRY   ;
; AUTO_CASCADE_CHAINS                ; ON                                      ; AUTO_CASCADE   ;
; IGNORE_CASCADE_BUFFERS             ; OFF                                     ; IGNORE_CASCADE ;
; WIDTH_BYTEENA                      ; 1                                       ; Untyped        ;
; OPERATION_MODE                     ; ROM                                     ; Untyped        ;
; WIDTH_A                            ; 8                                       ; Untyped        ;
; WIDTHAD_A                          ; 10                                      ; Untyped        ;
; NUMWORDS_A                         ; 1024                                    ; Untyped        ;
; OUTDATA_REG_A                      ; UNREGISTERED                            ; Untyped        ;
; ADDRESS_ACLR_A                     ; NONE                                    ; Untyped        ;
; OUTDATA_ACLR_A                     ; NONE                                    ; Untyped        ;
; WRCONTROL_ACLR_A                   ; NONE                                    ; Untyped        ;
; INDATA_ACLR_A                      ; NONE                                    ; Untyped        ;
; BYTEENA_ACLR_A                     ; NONE                                    ; Untyped        ;
; WIDTH_B                            ; 1                                       ; Untyped        ;
; WIDTHAD_B                          ; 1                                       ; Untyped        ;
; NUMWORDS_B                         ; 1                                       ; Untyped        ;
; INDATA_REG_B                       ; CLOCK1                                  ; Untyped        ;
; WRCONTROL_WRADDRESS_REG_B          ; CLOCK1                                  ; Untyped        ;
; RDCONTROL_REG_B                    ; CLOCK1                                  ; Untyped        ;
; ADDRESS_REG_B                      ; CLOCK1                                  ; Untyped        ;
; OUTDATA_REG_B                      ; UNREGISTERED                            ; Untyped        ;
; BYTEENA_REG_B                      ; CLOCK1                                  ; Untyped        ;
; INDATA_ACLR_B                      ; NONE                                    ; Untyped        ;
; WRCONTROL_ACLR_B                   ; NONE                                    ; Untyped        ;
; ADDRESS_ACLR_B                     ; NONE                                    ; Untyped        ;
; OUTDATA_ACLR_B                     ; NONE                                    ; Untyped        ;
; RDCONTROL_ACLR_B                   ; NONE                                    ; Untyped        ;
; BYTEENA_ACLR_B                     ; NONE                                    ; Untyped        ;
; WIDTH_BYTEENA_A                    ; 1                                       ; Untyped        ;
; WIDTH_BYTEENA_B                    ; 1                                       ; Untyped        ;
; RAM_BLOCK_TYPE                     ; AUTO                                    ; Untyped        ;
; BYTE_SIZE                          ; 8                                       ; Untyped        ;
; READ_DURING_WRITE_MODE_MIXED_PORTS ; DONT_CARE                               ; Untyped        ;
; READ_DURING_WRITE_MODE_PORT_A      ; NEW_DATA_NO_NBE_READ                    ; Untyped        ;
; READ_DURING_WRITE_MODE_PORT_B      ; NEW_DATA_NO_NBE_READ                    ; Untyped        ;
; INIT_FILE                          ; db/SIFO_Lab_4.ram0_ROM_33f014a3.hdl.mif ; Untyped        ;
; INIT_FILE_LAYOUT                   ; PORT_A                                  ; Untyped        ;
; MAXIMUM_DEPTH                      ; 0                                       ; Untyped        ;
; CLOCK_ENABLE_INPUT_A               ; NORMAL                                  ; Untyped        ;
; CLOCK_ENABLE_INPUT_B               ; NORMAL                                  ; Untyped        ;
; CLOCK_ENABLE_OUTPUT_A              ; NORMAL                                  ; Untyped        ;
; CLOCK_ENABLE_OUTPUT_B              ; NORMAL                                  ; Untyped        ;
; CLOCK_ENABLE_CORE_A                ; USE_INPUT_CLKEN                         ; Untyped        ;
; CLOCK_ENABLE_CORE_B                ; USE_INPUT_CLKEN                         ; Untyped        ;
; ENABLE_ECC                         ; FALSE                                   ; Untyped        ;
; ECC_PIPELINE_STAGE_ENABLED         ; FALSE                                   ; Untyped        ;
; WIDTH_ECCSTATUS                    ; 3                                       ; Untyped        ;
; DEVICE_FAMILY                      ; MAX 10                                  ; Untyped        ;
; CBXI_PARAMETER                     ; altsyncram_jt61                         ; Untyped        ;
+------------------------------------+-----------------------------------------+----------------+
Note: In order to hide this table in the UI and the text report file, please set the "Show Parameter Settings in Synthesis Report" option in "Analysis and Synthesis Settings -> More Settings" to "Off".


+----------------------------------------------------------------------------------+
; altsyncram Parameter Settings by Entity Instance                                 ;
+-------------------------------------------+--------------------------------------+
; Name                                      ; Value                                ;
+-------------------------------------------+--------------------------------------+
; Number of entity instances                ; 1                                    ;
; Entity Instance                           ; ROM:proc_rom|altsyncram:memory_rtl_0 ;
;     -- OPERATION_MODE                     ; ROM                                  ;
;     -- WIDTH_A                            ; 8                                    ;
;     -- NUMWORDS_A                         ; 1024                                 ;
;     -- OUTDATA_REG_A                      ; UNREGISTERED                         ;
;     -- WIDTH_B                            ; 1                                    ;
;     -- NUMWORDS_B                         ; 1                                    ;
;     -- ADDRESS_REG_B                      ; CLOCK1                               ;
;     -- OUTDATA_REG_B                      ; UNREGISTERED                         ;
;     -- RAM_BLOCK_TYPE                     ; AUTO                                 ;
;     -- READ_DURING_WRITE_MODE_MIXED_PORTS ; DONT_CARE                            ;
+-------------------------------------------+--------------------------------------+


+------------------------------------------------------------------------------------------------------------------------------------------------------------------------------------------------------------------+
; Port Connectivity Checks: "wire_hz:hz_addr_in_reg"                                                                                                                                                               ;
+----------+--------+----------+-----------------------------------------------------------------------------------------------------------------------------------------------------------------------------------+
; Port     ; Type   ; Severity ; Details                                                                                                                                                                           ;
+----------+--------+----------+-----------------------------------------------------------------------------------------------------------------------------------------------------------------------------------+
; in_data  ; Input  ; Warning  ; Input port expression (10 bits) is wider than the input port (8 bits) it drives.  The 2 most-significant bit(s) in the expression will be dangling if they have no other fanouts. ;
; out_data ; Output ; Warning  ; Output or bidir port (8 bits) is smaller than the port expression (10 bits) it drives.  The 2 most-significant bit(s) in the port expression will be connected to GND.            ;
+----------+--------+----------+-----------------------------------------------------------------------------------------------------------------------------------------------------------------------------------+


+------------------------------------------------------------------------------------------------------------------------------------------------------------------------------------------------------------------+
; Port Connectivity Checks: "wire_hz:hz_addr_in_ram"                                                                                                                                                               ;
+----------+--------+----------+-----------------------------------------------------------------------------------------------------------------------------------------------------------------------------------+
; Port     ; Type   ; Severity ; Details                                                                                                                                                                           ;
+----------+--------+----------+-----------------------------------------------------------------------------------------------------------------------------------------------------------------------------------+
; in_data  ; Input  ; Warning  ; Input port expression (10 bits) is wider than the input port (8 bits) it drives.  The 2 most-significant bit(s) in the expression will be dangling if they have no other fanouts. ;
; out_data ; Output ; Warning  ; Output or bidir port (8 bits) is smaller than the port expression (10 bits) it drives.  The 2 most-significant bit(s) in the port expression will be connected to GND.            ;
+----------+--------+----------+-----------------------------------------------------------------------------------------------------------------------------------------------------------------------------------+


+-------------------------------------------------------------------------------------------------------------------------------------------------------------------------------------------------------+
; Port Connectivity Checks: "wire_hz:hz_addr_out_reg"                                                                                                                                                   ;
+----------+--------+----------+------------------------------------------------------------------------------------------------------------------------------------------------------------------------+
; Port     ; Type   ; Severity ; Details                                                                                                                                                                ;
+----------+--------+----------+------------------------------------------------------------------------------------------------------------------------------------------------------------------------+
; out_data ; Output ; Warning  ; Output or bidir port (8 bits) is smaller than the port expression (10 bits) it drives.  The 2 most-significant bit(s) in the port expression will be connected to GND. ;
+----------+--------+----------+------------------------------------------------------------------------------------------------------------------------------------------------------------------------+


+-------------------------------------------------------------------------------------------------------------------------------------------------------------------------------------------------------+
; Port Connectivity Checks: "wire_hz:hz_addr_out_ram"                                                                                                                                                   ;
+----------+--------+----------+------------------------------------------------------------------------------------------------------------------------------------------------------------------------+
; Port     ; Type   ; Severity ; Details                                                                                                                                                                ;
+----------+--------+----------+------------------------------------------------------------------------------------------------------------------------------------------------------------------------+
; out_data ; Output ; Warning  ; Output or bidir port (8 bits) is smaller than the port expression (10 bits) it drives.  The 2 most-significant bit(s) in the port expression will be connected to GND. ;
+----------+--------+----------+------------------------------------------------------------------------------------------------------------------------------------------------------------------------+


+--------------------------------------------------------------------------------------------------------------------------+
; Port Connectivity Checks: "wire_hz:hz_addr_out_ir_1310"                                                                  ;
+----------------+--------+----------+-------------------------------------------------------------------------------------+
; Port           ; Type   ; Severity ; Details                                                                             ;
+----------------+--------+----------+-------------------------------------------------------------------------------------+
; in_data[9..4]  ; Input  ; Info     ; Stuck at GND                                                                        ;
; out_data[9..8] ; Output ; Info     ; Connected to dangling logic. Logic that only feeds a dangling port will be removed. ;
+----------------+--------+----------+-------------------------------------------------------------------------------------+


+----------------------------------------------------------------------------------------------------------------------------------------------------------------------------------------------------------------+
; Port Connectivity Checks: "wire_hz:hz_data_out_ir"                                                                                                                                                             ;
+---------+-------+----------+-----------------------------------------------------------------------------------------------------------------------------------------------------------------------------------+
; Port    ; Type  ; Severity ; Details                                                                                                                                                                           ;
+---------+-------+----------+-----------------------------------------------------------------------------------------------------------------------------------------------------------------------------------+
; in_data ; Input ; Warning  ; Input port expression (16 bits) is wider than the input port (8 bits) it drives.  The 8 most-significant bit(s) in the expression will be dangling if they have no other fanouts. ;
+---------+-------+----------+-----------------------------------------------------------------------------------------------------------------------------------------------------------------------------------+


+----------------------------------------------------------------------------------------------------------------------------------------------------------------------------------------------------------------+
; Port Connectivity Checks: "RAM:registers_file"                                                                                                                                                                 ;
+---------+-------+----------+-----------------------------------------------------------------------------------------------------------------------------------------------------------------------------------+
; Port    ; Type  ; Severity ; Details                                                                                                                                                                           ;
+---------+-------+----------+-----------------------------------------------------------------------------------------------------------------------------------------------------------------------------------+
; address ; Input ; Warning  ; Input port expression (10 bits) is wider than the input port (4 bits) it drives.  The 6 most-significant bit(s) in the expression will be dangling if they have no other fanouts. ;
+---------+-------+----------+-----------------------------------------------------------------------------------------------------------------------------------------------------------------------------------+


+------------------------------------------------+
; Port Connectivity Checks: "RAM:proc_ram"       ;
+--------------+-------+----------+--------------+
; Port         ; Type  ; Severity ; Details      ;
+--------------+-------+----------+--------------+
; write_enable ; Input ; Info     ; Stuck at GND ;
+--------------+-------+----------+--------------+


+-----------------------------------------------------+
; Post-Synthesis Netlist Statistics for Top Partition ;
+-------------------+---------------------------------+
; Type              ; Count                           ;
+-------------------+---------------------------------+
; boundary_port     ; 1                               ;
;                   ;                                 ;
; Max LUT depth     ; 0.00                            ;
; Average LUT depth ; 0.00                            ;
+-------------------+---------------------------------+


+-------------------------------+
; Elapsed Time Per Partition    ;
+----------------+--------------+
; Partition Name ; Elapsed Time ;
+----------------+--------------+
; Top            ; 00:00:00     ;
+----------------+--------------+


+-------------------------------+
; Analysis & Synthesis Messages ;
+-------------------------------+
Info: *******************************************************************
Info: Running Quartus Prime Analysis & Synthesis
    Info: Version 21.1.0 Build 842 10/21/2021 SJ Lite Edition
    Info: Processing started: Tue Dec 20 18:20:38 2022
Info: Command: quartus_map --read_settings_files=on --write_settings_files=off SIFO_Lab_4 -c SIFO_Lab_4
Info (20030): Parallel compilation is enabled and will use 12 of the 12 processors detected
Info (12021): Found 4 design units, including 4 entities, in source file src/processor.v
    Info (12023): Found entity 1: ROM File: /home/dimuki_ken/Quartus/Projects/SIFO_Lab_4/src/ROM.v Line: 1
    Info (12023): Found entity 2: RAM File: /home/dimuki_ken/Quartus/Projects/SIFO_Lab_4/src/RAM.v Line: 1
    Info (12023): Found entity 3: wire_hz File: /home/dimuki_ken/Quartus/Projects/SIFO_Lab_4/src/wire_hz.v Line: 1
    Info (12023): Found entity 4: processor File: /home/dimuki_ken/Quartus/Projects/SIFO_Lab_4/src/processor.v Line: 5
Info (12127): Elaborating entity "processor" for the top level hierarchy
Info (12128): Elaborating entity "ROM" for hierarchy "ROM:proc_rom" File: /home/dimuki_ken/Quartus/Projects/SIFO_Lab_4/src/processor.v Line: 43
Warning (10030): Net "memory.data_a" at ROM.v(13) has no driver or initial value, using a default initial value '0' File: /home/dimuki_ken/Quartus/Projects/SIFO_Lab_4/src/ROM.v Line: 13
Warning (10030): Net "memory.waddr_a" at ROM.v(13) has no driver or initial value, using a default initial value '0' File: /home/dimuki_ken/Quartus/Projects/SIFO_Lab_4/src/ROM.v Line: 13
Warning (10030): Net "memory.we_a" at ROM.v(13) has no driver or initial value, using a default initial value '0' File: /home/dimuki_ken/Quartus/Projects/SIFO_Lab_4/src/ROM.v Line: 13
Info (12128): Elaborating entity "RAM" for hierarchy "RAM:proc_ram" File: /home/dimuki_ken/Quartus/Projects/SIFO_Lab_4/src/processor.v Line: 54
Info (12128): Elaborating entity "RAM" for hierarchy "RAM:registers_file" File: /home/dimuki_ken/Quartus/Projects/SIFO_Lab_4/src/processor.v Line: 65
Info (12128): Elaborating entity "wire_hz" for hierarchy "wire_hz:hz_data_out_tempreg" File: /home/dimuki_ken/Quartus/Projects/SIFO_Lab_4/src/processor.v Line: 84
Warning (10230): Verilog HDL assignment warning at wire_hz.v(12): truncated value with size 32 to match size of target (8) File: /home/dimuki_ken/Quartus/Projects/SIFO_Lab_4/src/wire_hz.v Line: 12
Info (12128): Elaborating entity "wire_hz" for hierarchy "wire_hz:hz_addr_out_ir_1310" File: /home/dimuki_ken/Quartus/Projects/SIFO_Lab_4/src/processor.v Line: 110
Warning (10230): Verilog HDL assignment warning at wire_hz.v(12): truncated value with size 32 to match size of target (10) File: /home/dimuki_ken/Quartus/Projects/SIFO_Lab_4/src/wire_hz.v Line: 12
Warning (12011): Net is missing source, defaulting to GND
    Warning (12110): Net "in_addr_reg[9]" is missing source, defaulting to GND File: /home/dimuki_ken/Quartus/Projects/SIFO_Lab_4/src/processor.v Line: 20
    Warning (12110): Net "in_addr_reg[8]" is missing source, defaulting to GND File: /home/dimuki_ken/Quartus/Projects/SIFO_Lab_4/src/processor.v Line: 20
Warning (12011): Net is missing source, defaulting to GND
    Warning (12110): Net "in_addr_ram[9]" is missing source, defaulting to GND File: /home/dimuki_ken/Quartus/Projects/SIFO_Lab_4/src/processor.v Line: 19
    Warning (12110): Net "in_addr_ram[8]" is missing source, defaulting to GND File: /home/dimuki_ken/Quartus/Projects/SIFO_Lab_4/src/processor.v Line: 19
    Warning (12110): Net "in_addr_reg[9]" is missing source, defaulting to GND File: /home/dimuki_ken/Quartus/Projects/SIFO_Lab_4/src/processor.v Line: 20
    Warning (12110): Net "in_addr_reg[8]" is missing source, defaulting to GND File: /home/dimuki_ken/Quartus/Projects/SIFO_Lab_4/src/processor.v Line: 20
Warning (12011): Net is missing source, defaulting to GND
    Warning (12110): Net "in_addr_ram[9]" is missing source, defaulting to GND File: /home/dimuki_ken/Quartus/Projects/SIFO_Lab_4/src/processor.v Line: 19
    Warning (12110): Net "in_addr_ram[8]" is missing source, defaulting to GND File: /home/dimuki_ken/Quartus/Projects/SIFO_Lab_4/src/processor.v Line: 19
    Warning (12110): Net "in_addr_reg[9]" is missing source, defaulting to GND File: /home/dimuki_ken/Quartus/Projects/SIFO_Lab_4/src/processor.v Line: 20
    Warning (12110): Net "in_addr_reg[8]" is missing source, defaulting to GND File: /home/dimuki_ken/Quartus/Projects/SIFO_Lab_4/src/processor.v Line: 20
Info (19000): Inferred 1 megafunctions from design logic
    Info (276029): Inferred altsyncram megafunction from the following design logic: "ROM:proc_rom|memory_rtl_0" 
        Info (286033): Parameter OPERATION_MODE set to ROM
        Info (286033): Parameter WIDTH_A set to 8
        Info (286033): Parameter WIDTHAD_A set to 10
        Info (286033): Parameter NUMWORDS_A set to 1024
        Info (286033): Parameter OUTDATA_REG_A set to UNREGISTERED
        Info (286033): Parameter ADDRESS_ACLR_A set to NONE
        Info (286033): Parameter OUTDATA_ACLR_A set to NONE
        Info (286033): Parameter INDATA_ACLR_A set to NONE
        Info (286033): Parameter WRCONTROL_ACLR_A set to NONE
        Info (286033): Parameter INIT_FILE set to db/SIFO_Lab_4.ram0_ROM_33f014a3.hdl.mif
Info (12130): Elaborated megafunction instantiation "ROM:proc_rom|altsyncram:memory_rtl_0"
Info (12133): Instantiated megafunction "ROM:proc_rom|altsyncram:memory_rtl_0" with the following parameter:
    Info (12134): Parameter "OPERATION_MODE" = "ROM"
    Info (12134): Parameter "WIDTH_A" = "8"
    Info (12134): Parameter "WIDTHAD_A" = "10"
    Info (12134): Parameter "NUMWORDS_A" = "1024"
    Info (12134): Parameter "OUTDATA_REG_A" = "UNREGISTERED"
    Info (12134): Parameter "ADDRESS_ACLR_A" = "NONE"
    Info (12134): Parameter "OUTDATA_ACLR_A" = "NONE"
    Info (12134): Parameter "INDATA_ACLR_A" = "NONE"
    Info (12134): Parameter "WRCONTROL_ACLR_A" = "NONE"
    Info (12134): Parameter "INIT_FILE" = "db/SIFO_Lab_4.ram0_ROM_33f014a3.hdl.mif"
Info (12021): Found 1 design units, including 1 entities, in source file db/altsyncram_jt61.tdf
    Info (12023): Found entity 1: altsyncram_jt61 File: /home/dimuki_ken/Quartus/Projects/SIFO_Lab_4/db/altsyncram_jt61.tdf Line: 28
Warning (14284): Synthesized away the following node(s):
    Warning (14285): Synthesized away the following RAM node(s):
        Warning (14320): Synthesized away node "ROM:proc_rom|altsyncram:memory_rtl_0|altsyncram_jt61:auto_generated|ram_block1a0" File: /home/dimuki_ken/Quartus/Projects/SIFO_Lab_4/db/altsyncram_jt61.tdf Line: 36
        Warning (14320): Synthesized away node "ROM:proc_rom|altsyncram:memory_rtl_0|altsyncram_jt61:auto_generated|ram_block1a1" File: /home/dimuki_ken/Quartus/Projects/SIFO_Lab_4/db/altsyncram_jt61.tdf Line: 57
        Warning (14320): Synthesized away node "ROM:proc_rom|altsyncram:memory_rtl_0|altsyncram_jt61:auto_generated|ram_block1a2" File: /home/dimuki_ken/Quartus/Projects/SIFO_Lab_4/db/altsyncram_jt61.tdf Line: 78
        Warning (14320): Synthesized away node "ROM:proc_rom|altsyncram:memory_rtl_0|altsyncram_jt61:auto_generated|ram_block1a3" File: /home/dimuki_ken/Quartus/Projects/SIFO_Lab_4/db/altsyncram_jt61.tdf Line: 99
        Warning (14320): Synthesized away node "ROM:proc_rom|altsyncram:memory_rtl_0|altsyncram_jt61:auto_generated|ram_block1a4" File: /home/dimuki_ken/Quartus/Projects/SIFO_Lab_4/db/altsyncram_jt61.tdf Line: 120
        Warning (14320): Synthesized away node "ROM:proc_rom|altsyncram:memory_rtl_0|altsyncram_jt61:auto_generated|ram_block1a5" File: /home/dimuki_ken/Quartus/Projects/SIFO_Lab_4/db/altsyncram_jt61.tdf Line: 141
Warning (14284): Synthesized away the following node(s):
    Warning (14285): Synthesized away the following RAM node(s):
        Warning (14320): Synthesized away node "ROM:proc_rom|altsyncram:memory_rtl_0|altsyncram_jt61:auto_generated|ram_block1a6" File: /home/dimuki_ken/Quartus/Projects/SIFO_Lab_4/db/altsyncram_jt61.tdf Line: 162
        Warning (14320): Synthesized away node "ROM:proc_rom|altsyncram:memory_rtl_0|altsyncram_jt61:auto_generated|ram_block1a7" File: /home/dimuki_ken/Quartus/Projects/SIFO_Lab_4/db/altsyncram_jt61.tdf Line: 183
Warning (12241): 6 hierarchies have connectivity warnings - see the Connectivity Checks report folder
Info (17049): 16 registers lost all their fanouts during netlist optimizations.
Info (144001): Generated suppressed messages file /home/dimuki_ken/Quartus/Projects/SIFO_Lab_4/output_files/SIFO_Lab_4.map.smsg
Info (16010): Generating hard_block partition "hard_block:auto_generated_inst"
    Info (16011): Adding 0 node(s), including 0 DDIO, 0 PLL, 0 transceiver and 0 LCELL
Warning (21074): Design contains 1 input pin(s) that do not drive logic
    Warning (15610): No output dependent on input pin "clk" File: /home/dimuki_ken/Quartus/Projects/SIFO_Lab_4/src/processor.v Line: 11
Info (21057): Implemented 1 device resources after synthesis - the final resource count might be different
    Info (21058): Implemented 1 input pins
    Info (21059): Implemented 0 output pins
Info: Quartus Prime Analysis & Synthesis was successful. 0 errors, 33 warnings
    Info: Peak virtual memory: 377 megabytes
    Info: Processing ended: Tue Dec 20 18:20:47 2022
    Info: Elapsed time: 00:00:09
    Info: Total CPU time (on all processors): 00:00:22


+------------------------------------------+
; Analysis & Synthesis Suppressed Messages ;
+------------------------------------------+
The suppressed messages can be found in /home/dimuki_ken/Quartus/Projects/SIFO_Lab_4/output_files/SIFO_Lab_4.map.smsg.


